// Jest Snapshot v1, https://goo.gl/fbAQLP

exports[`<Select /> <Select /> should render tree 1`] = `
.c1 {
  font-size: 14px;
  margin: 0;
  margin-bottom: 0px;
  color: #000;
}

.c0 {
  display: -webkit-box;
  display: -webkit-flex;
  display: -ms-flexbox;
  display: flex;
  -webkit-align-items: center;
  -webkit-box-align: center;
  -ms-flex-align: center;
  align-items: center;
}

.c2 {
  display: block;
  outline: none;
  color: inherit;
  border: 1px solid #ccc;
  border-radius: 6px;
  padding: 10px;
  background-color: white;
  margin-left: 7px;
}

<div
  className="c0"
>
  <h3
    className="c1"
  >
    Sort by
  </h3>
  <select
    className="c2"
  >
    <option
      value="ASC"
    >
      Price low-high
    </option>
    <option
      value="DESC"
    >
      Price high-low
    </option>
  </select>
</div>
`;
